

=====================================================================
== D:\Overpoch\arma2oaserver.exe
== "arma2oaserver.exe"  -port=2302 "-config=instance_11_Chernarus\config.cfg" "-cfg=instance_11_Chernarus\basic.cfg" "-profiles=instance_11_Chernarus" -name=instance_11_Chernarus "-mod=@DayzOverwatch;@DayZ_Epoch;@DayZ_Epoch_Server;"
=====================================================================
Exe timestamp: 2014/07/27 00:34:20
Current time:  2015/03/14 20:49:46

Version 1.63.125548
Item STR_EQUIP_NAME_41 listed twice
Item STR_EQUIP_DESC_41 listed twice
Conflicting addon Monaro in 'holdenmonarocop\', previous definition in 'holdenmonaro\'
File nissan_350z\config.cpp, line 244: '/CfgVehicles/350zBase/Library.libTextDesc': Missing ';' prior '}'
Unsupported language English in stringtable
Unknown entity: 'C inatallations and equipment, fuel and ammunition storage facilities and parked tactical aircraft. The original BS-1 system was designed for the 7.62mm Kalashnikov AKMS assault rifle with PBS-1 silencers. When the Soviet army switched over to 5.45x39mm ammunition, they were replaced with AKS-74UB compact assault rifles with PBS-4 silencers. The original GSN-19 grenade launcher system was slightly reworked, primarily to use different launching ammunition new mounting brackets better suited
Unknown entity: 'C equipment, and then cause enough damage to render the target inoperative. The grenade has no propelling system in itself, instead being launched by special blank cartridges which are loaded into a detachable box magazine.</German>
		<English>From world.guns.ru: &lt'
Unknown entity: 'C inatallations and equipment, fuel and ammunition storage facilities and parked tactical aircraft. The original BS-1 system was designed for the 7.62mm Kalashnikov AKMS assault rifle with PBS-1 silencers. When the Soviet army switched over to 5.45x39mm ammunition, they were replaced with AKS-74UB compact assault rifles with PBS-4 silencers. The original GSN-19 grenade launcher system was slightly reworked, primarily to use different launching ammunition new mounting brackets better suited
Unknown entity: 'C equipment, and then cause enough damage to render the target inoperative. The grenade has no propelling system in itself, instead being launched by special blank cartridges which are loaded into a detachable box magazine.</English>
		<Italian>From world.guns.ru: &lt'
Unknown entity: 'C inatallations and equipment, fuel and ammunition storage facilities and parked tactical aircraft. The original BS-1 system was designed for the 7.62mm Kalashnikov AKMS assault rifle with PBS-1 silencers. When the Soviet army switched over to 5.45x39mm ammunition, they were replaced with AKS-74UB compact assault rifles with PBS-4 silencers. The original GSN-19 grenade launcher system was slightly reworked, primarily to use different launching ammunition new mounting brackets better suited
Unknown entity: 'C equipment, and then cause enough damage to render the target inoperative. The grenade has no propelling system in itself, instead being launched by special blank cartridges which are loaded into a detachable box magazine.</Italian>
		<Spanish>From world.guns.ru: &lt'
Unknown entity: 'C inatallations and equipment, fuel and ammunition storage facilities and parked tactical aircraft. The original BS-1 system was designed for the 7.62mm Kalashnikov AKMS assault rifle with PBS-1 silencers. When the Soviet army switched over to 5.45x39mm ammunition, they were replaced with AKS-74UB compact assault rifles with PBS-4 silencers. The original GSN-19 grenade launcher system was slightly reworked, primarily to use different launching ammunition new mounting brackets better suited
Unknown entity: 'C equipment, and then cause enough damage to render the target inoperative. The grenade has no propelling system in itself, instead being launched by special blank cartridges which are loaded into a detachable box magazine.</Spanish>
		<French>From world.guns.ru: &lt'
Unknown entity: 'C inatallations and equipment, fuel and ammunition storage facilities and parked tactical aircraft. The original BS-1 system was designed for the 7.62mm Kalashnikov AKMS assault rifle with PBS-1 silencers. When the Soviet army switched over to 5.45x39mm ammunition, the AKMS assault rifles with PBS-1 silencer were replaced with AKS-74UB compact assault rifles with PBS-4 silencers. The original GSN-19 grenade launcher system was slightly reworked, primarily to use different launching ammunit
Unknown entity: 'C equipment, and then cause enough damage to render the target inoperative. The grenade has no propelling system in itself, instead being launched by special blank cartridges which are loaded into a detachable box magazine.</French>
		<Czech>From world.guns.ru: &lt'
Unknown entity: 'C inatallations and equipment, fuel and ammunition storage facilities and parked tactical aircraft. The original BS-1 system was designed for the 7.62mm Kalashnikov AKMS assault rifle with PBS-1 silencers. When the Soviet army switched over to 5.45x39mm ammunition, the AKMS assault rifles with PBS-1 silencer were replaced with AKS-74UB compact assault rifles with PBS-4 silencers. The original GSN-19 grenade launcher system was slightly reworked, primarily to use different launching ammunit
Unknown entity: 'C equipment, and then cause enough damage to render the target inoperative. The grenade has no propelling system in itself, instead being launched by special blank cartridges which are loaded into a detachable box magazine.</Czech>
		<Russian>From world.guns.ru: &lt'
Unknown entity: 'C inatallations and equipment, fuel and ammunition storage facilities and parked tactical aircraft. The original BS-1 system was designed for the 7.62mm Kalashnikov AKMS assault rifle with PBS-1 silencers. When the Soviet army switched over to 5.45x39mm ammunition, the AKMS assault rifles with PBS-1 silencer were replaced with AKS-74UB compact assault rifles with PBS-4 silencers. The original GSN-19 grenade launcher system was slightly reworked, primarily to use different launching ammunit
Unknown entity: 'C equipment, and then cause enough damage to render the target inoperative. The grenade has no propelling system in itself, instead being launched by special blank cartridges which are loaded into a detachable box magazine.</Russian>
		<Polish>From world.guns.ru: &lt'
Unknown entity: 'C inatallations and equipment, fuel and ammunition storage facilities and parked tactical aircraft. The original BS-1 system was designed for the 7.62mm Kalashnikov AKMS assault rifle with PBS-1 silencers. When the Soviet army switched over to 5.45x39mm ammunition, the AKMS assault rifles with PBS-1 silencer were replaced with AKS-74UB compact assault rifles with PBS-4 silencers. The original GSN-19 grenade launcher system was slightly reworked, primarily to use different launching ammunit
Unknown entity: 'C equipment, and then cause enough damage to render the target inoperative. The grenade has no propelling system in itself, instead being launched by special blank cartridges which are loaded into a detachable box magazine.</Polish>
		<Hungarian>From world.guns.ru: &lt'
Unknown entity: 'C inatallations and equipment, fuel and ammunition storage facilities and parked tactical aircraft. The original BS-1 system was designed for the 7.62mm Kalashnikov AKMS assault rifle with PBS-1 silencers. When the Soviet army switched over to 5.45x39mm ammunition, the AKMS assault rifles with PBS-1 silencer were replaced with AKS-74UB compact assault rifles with PBS-4 silencers. The original GSN-19 grenade launcher system was slightly reworked, primarily to use different launching ammunit
Unknown entity: 'C equipment, and then cause enough damage to render the target inoperative. The grenade has no propelling system in itself, instead being launched by special blank cartridges which are loaded into a detachable box magazine.</Hungarian>
    </Key>
    <Key ID="STR_VIL_AKS74UB_BS1_SHORT">
      <German>Compact assault rifle with silenced grenade launcher&lt'
Item STR_VIL_DN_BS1 listed twice
Item STR_AUTHOR_VILAS listed twice
Item STR_VIL_EASTERN listed twice
Item STR_VIL_WEAPONS listed twice
Item str_dss_10rnd_vss listed twice
Item str_dss_20rnd_vss listed twice
Item str_dn_20rnd_9x39_sp5_vss listed twice
Item str_dn_ak_107_gl_pso listed twice
Item str_dn_ak_107_kobra listed twice
Item str_dn_M40A3 listed twice
Item str_dn_rpk_74 listed twice
Item str_ep1_dn_fn_fal listed twice
Updating base class ->NonStrategic, by Ca\config.bin/CfgVehicles/HouseBase/
Updating base class ->HouseBase, by Ca\config.bin/CfgVehicles/Ruins/
Updating base class ->DestructionEffects, by Ca\config.bin/CfgVehicles/House/DestructionEffects/
Updating base class ->FlagCarrierCore, by ca\ca_pmc\config.bin/CfgVehicles/FlagCarrier/
Updating base class ->Car, by holdenmonaro\config.bin/CfgVehicles/Car_sedan/
Updating base class ->Man, by nof_fsk\config.cpp/CfgVehicles/CAManBase/
Updating base class ->BulletCore, by ca\weapons\config.bin/CfgAmmo/BulletBase/
Updating base class ->GrenadeCore, by ca\weapons\config.bin/CfgAmmo/GrenadeBase/
Updating base class ->VehicleMagazine, by ca\weapons\config.bin/CfgMagazines/14Rnd_FFAR/
Updating base class ->PistolCore, by ca\weapons\config.bin/cfgWeapons/Pistol/
Updating base class ->Default, by ca\weapons\config.bin/cfgWeapons/GrenadeLauncher/
Updating base class ->RifleCore, by ca\weapons\config.bin/cfgWeapons/Rifle/
Updating base class ->LauncherCore, by ca\weapons\config.bin/cfgWeapons/RocketPods/
Updating base class ->RocketPods, by ca\weapons\config.bin/cfgWeapons/FFARLauncher/
Updating base class ->Default, by ca\weapons\config.bin/cfgWeapons/ItemCore/
Updating base class ->Bag_Base_EP1, by ca\weapons_e\ammoboxes\config.bin/cfgVehicles/US_Patrol_Pack_EP1/
Updating base class ->Bag_Base_EP1, by ca\weapons_e\ammoboxes\config.bin/cfgVehicles/US_Backpack_EP1/
Updating base class ->Bag_Base_EP1, by ca\weapons_e\ammoboxes\config.bin/cfgVehicles/CZ_Backpack_EP1/
Updating base class Man->CAManBase, by ca\characters\config.bin/CfgVehicles/Civilian/
Updating base class TalkTopics->TalkTopics, by bb_mercs_desert\config.bin/CfgVehicles/SoldierWB/TalkTopics/
Updating base class ->USMC_Soldier_Base, by ca\characters2\config.bin/CfgVehicles/USMC_Soldier/
Updating base class ->USMC_Soldier_Base, by ca\characters2\config.bin/CfgVehicles/USMC_Soldier_Light/
Updating base class ->USMC_Soldier_Base, by ca\characters2\config.bin/CfgVehicles/USMC_Soldier2/
Updating base class ->USMC_Soldier_Base, by ca\characters2\config.bin/CfgVehicles/USMC_Soldier_GL/
Updating base class ->USMC_Soldier_Base, by ca\characters2\config.bin/CfgVehicles/USMC_Soldier_Officer/
Updating base class ->USMC_Soldier_Base, by ca\characters2\config.bin/CfgVehicles/USMC_Soldier_SL/
Updating base class ->USMC_Soldier_Base, by ca\characters2\config.bin/CfgVehicles/USMC_Soldier_TL/
Updating base class ->USMC_Soldier_AT_Base, by ca\characters2\config.bin/CfgVehicles/USMC_Soldier_LAT/
Updating base class ->USMC_Soldier_AT_Base, by ca\characters2\config.bin/CfgVehicles/USMC_Soldier_AT/
Updating base class ->USMC_Soldier_AT_Base, by ca\characters2\config.bin/CfgVehicles/USMC_Soldier_HAT/
Updating base class ->USMC_Soldier_AT_Base, by ca\characters2\config.bin/CfgVehicles/USMC_Soldier_AA/
Updating base class ->USMC_Soldier_Base, by ca\characters2\config.bin/CfgVehicles/USMC_Soldier_Medic/
Updating base class ->USMC_Soldier_Base, by ca\characters2\config.bin/CfgVehicles/USMC_Soldier_AR/
Updating base class ->USMC_Soldier_Base, by ca\characters2\config.bin/CfgVehicles/USMC_Soldier_MG/
Updating base class ->USMC_SoldierS_Sniper, by ca\characters2\config.bin/CfgVehicles/USMC_SoldierS_SniperH/
Updating base class ->USMC_Soldier_Base, by ca\characters2\config.bin/CfgVehicles/USMC_SoldierM_Marksman/
Updating base class ->USMC_Soldier_Base, by ca\characters2\config.bin/CfgVehicles/USMC_SoldierS/
Updating base class ->USMC_Soldier_Base, by ca\characters2\config.bin/CfgVehicles/USMC_SoldierS_Engineer/
Updating base class ->FR_Base, by ca\characters2\config.bin/CfgVehicles/FR_TL/
Updating base class ->FR_Base, by ca\characters2\config.bin/CfgVehicles/FR_R/
Updating base class ->FR_Base, by ca\characters2\config.bin/CfgVehicles/FR_Marksman/
Updating base class ->FR_Base, by ca\characters2\config.bin/CfgVehicles/FR_Corpsman/
Updating base class ->FR_Base, by ca\characters2\config.bin/CfgVehicles/FR_AR/
Updating base class ->FR_Base, by ca\characters2\config.bin/CfgVehicles/FR_GL/
Updating base class ->FR_Base, by ca\characters2\config.bin/CfgVehicles/FR_Sapper/
Updating base class ->FR_Base, by ca\characters2\config.bin/CfgVehicles/FR_AC/
Updating base class ->RU_Soldier_Base, by ca\characters2\config.bin/CfgVehicles/RU_Soldier2/
Updating base class Soldier->MVD_Soldier_Base, by ca\characters2\config.bin/CfgVehicles/MVD_Soldier/
Updating base class ->Citizen, by ca\characters2\config.bin/CfgVehicles/Citizen1/
Updating base class ->US_Soldier_Base_EP1, by ca\characters_e\config.bin/CfgVehicles/US_Delta_Force_EP1/
Updating base class ->US_Soldier_Base_EP1, by ca\characters_e\config.bin/CfgVehicles/US_Delta_Force_TL_EP1/
Updating base class ->US_Delta_Force_EP1, by ca\characters_e\config.bin/CfgVehicles/US_Delta_Force_Medic_EP1/
Updating base class ->US_Delta_Force_EP1, by ca\characters_e\config.bin/CfgVehicles/US_Delta_Force_AR_EP1/
Updating base class ->US_Delta_Force_EP1, by ca\characters_e\config.bin/CfgVehicles/US_Delta_Force_Marksman_EP1/
Updating base class ->US_Delta_Force_EP1, by ca\characters_e\config.bin/CfgVehicles/US_Delta_Force_Air_Controller_EP1/
Updating base class ->HMMWV_Base, by ca\wheeled\config.bin/CfgVehicles/HMMWV_M2/
Updating base class ->HMMWV_Base, by ca\wheeled\config.bin/CfgVehicles/HMMWV_TOW/
Updating base class ->HMMWV_Base, by ca\wheeled\config.bin/CfgVehicles/HMMWV_MK19/
Updating base class Car->SkodaBase, by ca\wheeled\config.bin/CfgVehicles/car_sedan/
Updating base class ->Pickup_PK_base, by ca\wheeled\datsun_armed\config.bin/CfgVehicles/Pickup_PK_GUE/
Updating base class ->Offroad_DSHKM_base, by ca\wheeled\hilux_armed\config.bin/CfgVehicles/Offroad_DSHKM_Gue/
Updating base class ->Offroad_DSHKM_base, by ca\wheeled\hilux_armed\config.bin/CfgVehicles/Offroad_SPG9_Gue/
Updating base class ->UH60_Base, by ca\air\config.bin/CfgVehicles/MH60S/
Updating base class ->House, by ca\misc3\config.bin/CfgVehicles/Land_Fire/
Updating base class ->House, by ca\misc3\config.bin/CfgVehicles/Land_A_tent/
Updating base class ->Camp_base, by ca\misc3\config.bin/CfgVehicles/ACamp/
Updating base class ->Car, by ca\wheeled2\lada\config.bin/CfgVehicles/Lada_base/
Updating base class StreetLamp_EP1->StreetLamp, by z\addons\dayz_code\config.bin/CfgNonAIVehicles/Land_Lamp_Small_EP1/
Updating base class StreetLamp_EP1->StreetLamp, by z\addons\dayz_code\config.bin/CfgNonAIVehicles/Land_Lamp_Street1_EP1/
Updating base class StreetLamp_EP1->StreetLamp, by z\addons\dayz_code\config.bin/CfgNonAIVehicles/Land_Lamp_Street2_EP1/
Updating base class StreetLamp_EP1->StreetLamp, by z\addons\dayz_code\config.bin/CfgNonAIVehicles/Land_Lampa_Ind_EP1/
Updating base class StreetLamp_EP1->StreetLamp, by z\addons\dayz_code\config.bin/CfgNonAIVehicles/Land_PowLines_Conc2L_EP1/
Updating base class StreetLamp_BaseMediumOrange->StreetLamp, by z\addons\dayz_code\config.bin/CfgNonAIVehicles/Land_lampa_sidl/
Updating base class StreetLamp_BaseMediumOrange->StreetLamp, by z\addons\dayz_code\config.bin/CfgNonAIVehicles/Land_lampa_sidl_2/
Updating base class StreetLamp_BaseMediumOrange->StreetLamp, by z\addons\dayz_code\config.bin/CfgNonAIVehicles/Land_lampa_sidl_3/
Updating base class StreetLamp_BaseWeakYellow->StreetLamp, by z\addons\dayz_code\config.bin/CfgNonAIVehicles/Land_lampa_ind/
Updating base class StreetLamp_BaseWeakYellow->StreetLamp, by z\addons\dayz_code\config.bin/CfgNonAIVehicles/Land_lampa_ind_zebr/
Updating base class RscStandardDisplay->, by z\addons\dayz_code\config.bin/RscDisplayStart/
Updating base class RscShortcutButton->RscShortcutButtonMain, by z\addons\dayz_code\config.bin/RscDisplayMain/controls/CA_Exit/
Updating base class RscText->, by z\addons\dayz_code\config.bin/RscTitles/Default/
Updating base class zZombie_Base->zZombie_new_Base, by z\addons\dayz_code\config.bin/CfgVehicles/z_villager1/
Updating base class zZombie_Base->zZombie_new_Base, by z\addons\dayz_code\config.bin/CfgVehicles/z_worker1/
Updating base class Soldier_Crew_PMC->Soldier_Bodyguard_M4_PMC, by z\addons\dayz_code\config.bin/CfgVehicles/SurvivorW2_DZ/
Updating base class HighCommand->Logic, by z\addons\dayz_code\config.bin/CfgVehicles/HighCommandSubordinate/
Updating base class ->ViewOptics, by z\addons\dayz_code\config.bin/CfgVehicles/Mi17_base/Turrets/MainTurret/ViewOptics/
Updating base class HouseBase->, by z\addons\dayz_code\config.bin/CfgVehicles/House/
Updating base class NonStrategic->BuiltItems, by z\addons\dayz_code\config.bin/CfgVehicles/Fort_RazorWire/
Updating base class MeleeHatchet->MeleeWeapon, by z\addons\dayz_code\config.bin/CfgWeapons/MeleeCrowbar/
Updating base class Default->OW_Nope, by z\addons\dayz_code\config.bin/CfgFaces/Man/Merc_Face1/
Updating base class Default->OW_Nope, by z\addons\dayz_code\config.bin/CfgFaces/Man/Merc_Face2/
Updating base class Default->OW_Nope, by z\addons\dayz_code\config.bin/CfgFaces/Man/Merc_Face3/
Updating base class Default->OW_Nope, by z\addons\dayz_code\config.bin/CfgFaces/Man/Merc_Face4/
Updating base class Default->OW_Nope, by z\addons\dayz_code\config.bin/CfgFaces/Man/Merc_Face5/
Updating base class Default->OW_Nope, by z\addons\dayz_code\config.bin/CfgFaces/Man/Merc_Face5_camo/
Updating base class Default->OW_Nope, by z\addons\dayz_code\config.bin/CfgFaces/Man/Merc_Face6/
Updating base class Default->OW_Nope, by z\addons\dayz_code\config.bin/CfgFaces/Man/Merc_Face6_camo/
Updating base class Default->OW_Nope, by z\addons\dayz_code\config.bin/CfgFaces/Man/Merc_Face7/
Updating base class Default->OW_Nope, by z\addons\dayz_code\config.bin/CfgFaces/Man/Merc_Face8/
Updating base class Default->OW_Nope, by z\addons\dayz_code\config.bin/CfgFaces/Man/Merc_Face8_camo/
Updating base class Default->OW_Nope, by z\addons\dayz_code\config.bin/CfgFaces/Man/Merc_Face9/
Updating base class Default->OW_Nope, by z\addons\dayz_code\config.bin/CfgFaces/Man/Merc_Face10/
Updating base class Default->OW_Nope, by z\addons\dayz_code\config.bin/CfgFaces/Man/Merc_Face11/
Updating base class Default->OW_Nope, by z\addons\dayz_code\config.bin/CfgFaces/Man/Merc_Face12/
Updating base class Default->OW_Nope, by z\addons\dayz_code\config.bin/CfgFaces/Man/Merc_Face13/
Updating base class Default->OW_Nope, by z\addons\dayz_code\config.bin/CfgFaces/Man/Merc_Face13_camo/
Updating base class Default->OW_Nope, by z\addons\dayz_code\config.bin/CfgFaces/Man/Merc_Face14/
Updating base class Default->OW_Nope, by z\addons\dayz_code\config.bin/CfgFaces/Man/Merc_Face15/
Updating base class Default->OW_Nope, by z\addons\dayz_code\config.bin/CfgFaces/Man/Merc_Face16/
Updating base class Default->OW_Nope, by z\addons\dayz_code\config.bin/CfgFaces/Man/Merc_Face17/
Updating base class Default->OW_Nope, by z\addons\dayz_code\config.bin/CfgFaces/Man/Merc_Face18/
Updating base class Default->OW_Nope, by z\addons\dayz_code\config.bin/CfgFaces/Man/Merc_Face19/
Updating base class Default->OW_Nope, by z\addons\dayz_code\config.bin/CfgFaces/Man/Merc_Face20/
Updating base class Default->OW_Nope, by z\addons\dayz_code\config.bin/CfgFaces/Man/Merc_Face21/
Updating base class Default->OW_Nope, by z\addons\dayz_code\config.bin/CfgFaces/Man/Merc_Face22/
Updating base class Default->OW_Nope, by z\addons\dayz_code\config.bin/CfgFaces/Man/Merc_Face23/
Updating base class Default->OW_Nope, by z\addons\dayz_code\config.bin/CfgFaces/Man/Merc_Face24/
Updating base class Default->OW_Nope, by z\addons\dayz_code\config.bin/CfgFaces/Man/Merc_Face25/
Updating base class Default->OW_Nope, by z\addons\dayz_code\config.bin/CfgFaces/Man/Merc_Face26/
Updating base class ->OW_Nope, by z\addons\dayz_code\config.bin/CfgFaces/Man/Merc_Face27/
Updating base class ->OW_Nope, by z\addons\dayz_code\config.bin/CfgFaces/Man/Merc_Face28/
Updating base class Default->OW_Nope, by z\addons\dayz_code\config.bin/CfgFaces/Man/Merc_Face29/
Updating base class Default->OW_Nope, by z\addons\dayz_code\config.bin/CfgFaces/Man/Merc_Face30/
Updating base class Default->OW_Nope, by z\addons\dayz_code\config.bin/CfgFaces/Man/Merc_Face31/
Updating base class Default->OW_Nope, by z\addons\dayz_code\config.bin/CfgFaces/Man/Merc_Face32/
Updating base class Default->OW_Nope, by z\addons\dayz_code\config.bin/CfgFaces/Man/Merc_Face33/
Updating base class ->None, by z\addons\dayz_code\config.bin/CfgGlasses/Pro_Helmet/
Updating base class ->None, by z\addons\dayz_code\config.bin/CfgGlasses/Pro_Helmet_g/
Updating base class ->None, by z\addons\dayz_code\config.bin/CfgGlasses/Pro_Helmet_2/
Updating base class ->None, by z\addons\dayz_code\config.bin/CfgGlasses/Kevlar_Helmet/
Updating base class ->None, by z\addons\dayz_code\config.bin/CfgGlasses/Kevlar_Helmet_g/
Updating base class ->None, by z\addons\dayz_code\config.bin/CfgGlasses/wdl_helmet/
Updating base class ->None, by z\addons\dayz_code\config.bin/CfgGlasses/Barett/
Updating base class ->None, by z\addons\dayz_code\config.bin/CfgGlasses/US_green_beret/
Updating base class ->None, by z\addons\dayz_code\config.bin/CfgGlasses/US_black_beret/
Updating base class ->None, by z\addons\dayz_code\config.bin/CfgGlasses/Barett_g/
Updating base class ->None, by z\addons\dayz_code\config.bin/CfgGlasses/Bdu_cap/
Updating base class ->None, by z\addons\dayz_code\config.bin/CfgGlasses/Bdu_cap_g/
Updating base class ->None, by z\addons\dayz_code\config.bin/CfgGlasses/b_TacticalGlasses/
Updating base class ->None, by z\addons\dayz_code\config.bin/CfgGlasses/headset/
Updating base class ->None, by z\addons\dayz_code\config.bin/CfgGlasses/headset_g/
Updating base class ->None, by z\addons\dayz_code\config.bin/CfgGlasses/gasmask/
Updating base class ->None, by z\addons\dayz_code\config.bin/CfgGlasses/gasmask2/
Updating base class ->None, by z\addons\dayz_code\config.bin/CfgGlasses/gasmask_helmet/
Updating base class ->None, by z\addons\dayz_code\config.bin/CfgGlasses/gasmask_red/
Updating base class ->None, by z\addons\dayz_code\config.bin/CfgGlasses/gasmask_helmet2/
Updating base class ->None, by z\addons\dayz_code\config.bin/CfgGlasses/pilot_mask/
Updating base class ->None, by z\addons\dayz_code\config.bin/CfgGlasses/pilot_mask_v/
Updating base class ->None, by z\addons\dayz_code\config.bin/CfgGlasses/pilot_v/
Updating base class ->None, by z\addons\dayz_code\config.bin/CfgGlasses/skull_cap/
Updating base class ->None, by z\addons\dayz_code\config.bin/CfgGlasses/skull_cap2/
Updating base class ->None, by z\addons\dayz_code\config.bin/CfgGlasses/taliban_hat_shadow/
Updating base class ->None, by z\addons\dayz_code\config.bin/CfgGlasses/dive_mask/
Updating base class ->None, by z\addons\dayz_code\config.bin/CfgGlasses/BlackSun_sof_w/
Updating base class ->None, by z\addons\dayz_code\config.bin/CfgGlasses/RedSun_sof_w/
Updating base class ->None, by z\addons\dayz_code\config.bin/CfgGlasses/None_sof_w/
Updating base class ->None, by z\addons\dayz_code\config.bin/CfgGlasses/goggles_winter/
Updating base class VehicleMagazine->CA_Magazine, by z\addons\dayz_code\config.bin/CfgMagazines/29Rnd_30mm_AGS30/
Updating base class VehicleMagazine->CA_Magazine, by z\addons\dayz_code\config.bin/CfgMagazines/48Rnd_40mm_MK19/
Updating base class 4000Rnd_762x51_M134->CA_Magazine, by z\addons\dayz_code\config.bin/CfgMagazines/2000Rnd_762x51_M134/
Updating base class VehicleMagazine->CA_Magazine, by z\addons\dayz_code\config.bin/CfgMagazines/100Rnd_127x99_M2/
Updating base class VehicleMagazine->CA_Magazine, by z\addons\dayz_code\config.bin/CfgMagazines/50Rnd_127x107_DSHKM/
Updating base class Hatchet_Swing->Melee_Swing, by z\addons\dayz_code\config.bin/CfgMagazines/crowbar_swing/
Updating base class CA_Magazine->Melee_Swing, by z\addons\dayz_code\config.bin/CfgMagazines/Hatchet_Swing/
Updating base class Land_HouseV_1I2->House, by zero_buildings\config.cpp/CfgVehicles/Land_HouseV_1L2/
Updating base class Land_HouseV_1I2->House, by zero_buildings\config.cpp/CfgVehicles/Land_HouseV_3I3/
Updating base class ->Plane, by ca\air2\mv22\config.bin/CfgVehicles/MV22/
Updating base class ViewOptics->, by ca\air2\uh1y\config.bin/CfgVehicles/UH1_Base/Turrets/MainTurret/ViewOptics/
Updating base class ->HouseBase, by ca\misc_e\config.bin/CfgVehicles/House/
Updating base class ->Land_CamoNet_EAST, by ca\misc_e\config.bin/CfgVehicles/Land_CamoNet_EAST_EP1/
Updating base class ->Land_CamoNetB_EAST, by ca\misc_e\config.bin/CfgVehicles/Land_CamoNetB_EAST_EP1/
Updating base class ->Sign_1L_Noentry, by ca\misc_e\config.bin/CfgVehicles/Sign_1L_Noentry_EP1/
Updating base class ->Sign_circle, by ca\misc_e\config.bin/CfgVehicles/Helper_Base_EP1/
Updating base class ->Rifle, by ca\weapons_baf\config.bin/cfgWeapons/BAF_AS50_scoped/
Updating base class ->Rifle, by ca\weapons_e\config.bin/cfgWeapons/M60A4_EP1/
Updating base class ->M249, by ca\weapons_e\config.bin/cfgWeapons/M249_EP1/
Updating base class ->M249, by ca\weapons_e\config.bin/cfgWeapons/M249_m145_EP1/
Updating base class ->m107, by ca\weapons_e\m107\config.bin/CfgWeapons/m107_TWS_EP1/
Updating base class ->M240, by ca\weapons_e\m240\config.bin/CfgWeapons/m240_scoped_EP1/
Updating base class ->V3S_Base, by ca\wheeled_e\v3s\config.bin/CfgVehicles/V3S_Base_EP1/
Updating base class ->V3S_Base_EP1, by ca\wheeled_e\v3s\config.bin/CfgVehicles/V3S_Refuel_TK_GUE_EP1/
Updating base class AKS_BASE->AK_BASE, by vilas_aks_cfg\config.cpp/cfgWeapons/AKS_74_UN_kobra/
Updating base class House->DZE_OpenHouse, by warehouse\config.bin/CfgVehicles/Land_Ind_Pec_03/
Updating base class ->C130J_base, by ca\air_e\config.bin/CfgVehicles/C130J_US_EP1/
Updating base class ->Helicopter, by ca\air_e\ah6j\config.bin/CfgVehicles/AH6_Base_EP1/
Updating base class ->Plane, by ca\air_e\an2\config.bin/CfgVehicles/An2_Base_EP1/
Updating base class ->CH47_base_EP1, by ca\air_e\ch47\config.bin/CfgVehicles/CH_47F_EP1/
Updating base class ViewOptics->, by ca\air_e\uh1h\config.bin/CfgVehicles/UH1H_base/Turrets/MainTurret/ViewOptics/
Updating base class ->Soldier_Base_PMC, by ca\characters_pmc\config.bin/cfgVehicles/Soldier_Crew_PMC/
Updating base class ->Soldier_Base_PMC, by ca\characters_pmc\config.bin/cfgVehicles/Soldier_TL_PMC/
Updating base class ->Soldier_Base_PMC, by ca\characters_pmc\config.bin/cfgVehicles/Soldier_Bodyguard_M4_PMC/
Updating base class ->Soldier_Base_PMC, by ca\characters_pmc\config.bin/cfgVehicles/Soldier_Bodyguard_AA12_PMC/
Updating base class ->BAF_Soldier_MTP, by ca\characters_w_baf\config.bin/CfgVehicles/BAF_Soldier_W/
Updating base class ->BAF_Soldier_L_MTP, by ca\characters_w_baf\config.bin/CfgVehicles/BAF_Soldier_L_W/
Updating base class ->BAF_Soldier_Officer_MTP, by ca\characters_w_baf\config.bin/CfgVehicles/BAF_Soldier_Officer_W/
Updating base class ->BAF_Soldier_SniperH_MTP, by ca\characters_w_baf\config.bin/CfgVehicles/BAF_Soldier_SniperH_W/
Updating base class ->M113Ambul_Base, by ca\tracked_e\m113\config.bin/CfgVehicles/M113Ambul_UN_EP1/
Updating base class ->M113_Base, by ca\tracked_e\m113\config.bin/CfgVehicles/M113_UN_EP1/
Updating base class ->M113Ambul_Base, by ca\tracked_e\m113\config.bin/CfgVehicles/M113Ambul_TK_EP1/
Updating base class ->M113_Base, by ca\tracked_e\m113\config.bin/CfgVehicles/M113_TK_EP1/
Updating base class ->Helicopter, by ca\air_d_baf\config.bin/CfgVehicles/BAF_Merlin_HC3_D/
Updating base class AK_BASE->AKS_BASE, by ca\communityconfigurationproject_e\ai_madeaks74unkobrafullysilenced\config.bin/CfgWeapons/AKS_74_UN_kobra/
20:50:00 Server error: Player without identity grave (id 235476318)
20:50:00 Server error: Player without identity grave (id 235476318)
20:50:00 Server error: Player without identity grave (id 235476318)
20:50:00 Server error: Player without identity grave (id 235476318)
20:50:00 Server error: Player without identity grave (id 235476318)
20:50:00 Server error: Player without identity grave (id 235476318)
20:50:00 Server error: Player without identity grave (id 235476318)
20:50:00 Server error: Player without identity grave (id 235476318)
20:50:00 Server error: Player without identity grave (id 235476318)
20:50:00 Server error: Player without identity grave (id 235476318)
20:50:00 Server error: Player without identity grave (id 235476318)
20:50:01 Server error: Player without identity grave (id 235476318)
20:50:01 Server error: Player without identity grave (id 235476318)
20:50:01 Server error: Player without identity grave (id 235476318)
20:50:01 Server error: Player without identity grave (id 235476318)
20:50:01 Server error: Player without identity grave (id 235476318)
20:51:09 Strange convex component81 in zero_buildings\models\housev_3i3_i.p3d:geometryFire
20:51:14 Strange convex component288 in warehouse\models\warehouse.p3d:geometry
20:51:14 Strange convex component289 in warehouse\models\warehouse.p3d:geometry
20:51:14 Strange convex component290 in warehouse\models\warehouse.p3d:geometry
20:51:14 Strange convex component291 in warehouse\models\warehouse.p3d:geometry
20:51:14 Strange convex component292 in warehouse\models\warehouse.p3d:geometry
20:51:14 Strange convex component293 in warehouse\models\warehouse.p3d:geometry
20:51:14 Strange convex component294 in warehouse\models\warehouse.p3d:geometry
20:51:14 Strange convex component295 in warehouse\models\warehouse.p3d:geometry
20:51:14 Strange convex component296 in warehouse\models\warehouse.p3d:geometry
20:51:14 Strange convex component297 in warehouse\models\warehouse.p3d:geometry
20:51:14 Strange convex component298 in warehouse\models\warehouse.p3d:geometry
20:51:14 Strange convex component299 in warehouse\models\warehouse.p3d:geometry
20:51:14 Strange convex component300 in warehouse\models\warehouse.p3d:geometry
20:51:14 Strange convex component301 in warehouse\models\warehouse.p3d:geometry
20:51:14 Strange convex component302 in warehouse\models\warehouse.p3d:geometry
20:51:14 Strange convex component303 in warehouse\models\warehouse.p3d:geometry
20:51:14 Strange convex component304 in warehouse\models\warehouse.p3d:geometry
20:51:14 Strange convex component305 in warehouse\models\warehouse.p3d:geometry
20:51:14 Strange convex component306 in warehouse\models\warehouse.p3d:geometry
20:51:14 Strange convex component307 in warehouse\models\warehouse.p3d:geometry
20:51:14 Strange convex component308 in warehouse\models\warehouse.p3d:geometry
20:51:14 Strange convex component309 in warehouse\models\warehouse.p3d:geometry
20:51:14 Strange convex component310 in warehouse\models\warehouse.p3d:geometry
20:51:14 Strange convex component311 in warehouse\models\warehouse.p3d:geometry
20:51:14 Strange convex component312 in warehouse\models\warehouse.p3d:geometry
20:51:14 Strange convex component313 in warehouse\models\warehouse.p3d:geometry
20:51:14 Strange convex component314 in warehouse\models\warehouse.p3d:geometry
20:51:14 Strange convex component315 in warehouse\models\warehouse.p3d:geometry
20:51:14 Strange convex component316 in warehouse\models\warehouse.p3d:geometry
20:51:14 Strange convex component317 in warehouse\models\warehouse.p3d:geometry
20:51:14 Strange convex component252 in warehouse\models\warehouse.p3d:geometryFire
20:51:14 Strange convex component253 in warehouse\models\warehouse.p3d:geometryFire
20:51:14 Strange convex component254 in warehouse\models\warehouse.p3d:geometryFire
20:51:14 Strange convex component255 in warehouse\models\warehouse.p3d:geometryFire
20:51:14 Strange convex component256 in warehouse\models\warehouse.p3d:geometryFire
20:51:14 Strange convex component257 in warehouse\models\warehouse.p3d:geometryFire
20:51:14 Strange convex component258 in warehouse\models\warehouse.p3d:geometryFire
20:51:14 Strange convex component259 in warehouse\models\warehouse.p3d:geometryFire
20:51:14 Strange convex component260 in warehouse\models\warehouse.p3d:geometryFire
20:51:14 Strange convex component261 in warehouse\models\warehouse.p3d:geometryFire
20:51:14 Strange convex component262 in warehouse\models\warehouse.p3d:geometryFire
20:51:14 Strange convex component263 in warehouse\models\warehouse.p3d:geometryFire
20:51:14 Strange convex component264 in warehouse\models\warehouse.p3d:geometryFire
20:51:14 Strange convex component265 in warehouse\models\warehouse.p3d:geometryFire
20:51:14 Strange convex component266 in warehouse\models\warehouse.p3d:geometryFire
20:51:14 Strange convex component267 in warehouse\models\warehouse.p3d:geometryFire
20:51:14 Strange convex component268 in warehouse\models\warehouse.p3d:geometryFire
20:51:14 Strange convex component269 in warehouse\models\warehouse.p3d:geometryFire
20:51:14 Strange convex component270 in warehouse\models\warehouse.p3d:geometryFire
20:51:14 Strange convex component271 in warehouse\models\warehouse.p3d:geometryFire
20:51:14 Strange convex component272 in warehouse\models\warehouse.p3d:geometryFire
20:51:14 Strange convex component273 in warehouse\models\warehouse.p3d:geometryFire
20:51:14 Strange convex component274 in warehouse\models\warehouse.p3d:geometryFire
20:51:14 Strange convex component275 in warehouse\models\warehouse.p3d:geometryFire
20:51:14 Strange convex component276 in warehouse\models\warehouse.p3d:geometryFire
20:51:14 Strange convex component277 in warehouse\models\warehouse.p3d:geometryFire
20:51:14 Strange convex component278 in warehouse\models\warehouse.p3d:geometryFire
20:51:14 Strange convex component279 in warehouse\models\warehouse.p3d:geometryFire
20:51:14 Strange convex component280 in warehouse\models\warehouse.p3d:geometryFire
20:51:14 Strange convex component281 in warehouse\models\warehouse.p3d:geometryFire
20:51:14 Strange convex component249 in warehouse\models\warehouse.p3d:geometryView
20:51:14 Strange convex component250 in warehouse\models\warehouse.p3d:geometryView
20:51:14 Strange convex component251 in warehouse\models\warehouse.p3d:geometryView
20:51:14 Strange convex component252 in warehouse\models\warehouse.p3d:geometryView
20:51:14 Strange convex component253 in warehouse\models\warehouse.p3d:geometryView
20:51:14 Strange convex component254 in warehouse\models\warehouse.p3d:geometryView
20:51:14 Strange convex component255 in warehouse\models\warehouse.p3d:geometryView
20:51:14 Strange convex component256 in warehouse\models\warehouse.p3d:geometryView
20:51:14 Strange convex component257 in warehouse\models\warehouse.p3d:geometryView
20:51:14 Strange convex component258 in warehouse\models\warehouse.p3d:geometryView
20:51:14 Strange convex component259 in warehouse\models\warehouse.p3d:geometryView
20:51:14 Strange convex component260 in warehouse\models\warehouse.p3d:geometryView
20:51:14 Strange convex component261 in warehouse\models\warehouse.p3d:geometryView
20:51:14 Strange convex component262 in warehouse\models\warehouse.p3d:geometryView
20:51:14 Strange convex component263 in warehouse\models\warehouse.p3d:geometryView
20:51:14 Strange convex component264 in warehouse\models\warehouse.p3d:geometryView
20:51:14 Strange convex component265 in warehouse\models\warehouse.p3d:geometryView
20:51:14 Strange convex component266 in warehouse\models\warehouse.p3d:geometryView
20:51:14 Strange convex component267 in warehouse\models\warehouse.p3d:geometryView
20:51:14 Strange convex component268 in warehouse\models\warehouse.p3d:geometryView
20:51:14 Strange convex component269 in warehouse\models\warehouse.p3d:geometryView
20:51:14 Strange convex component270 in warehouse\models\warehouse.p3d:geometryView
20:51:14 Strange convex component271 in warehouse\models\warehouse.p3d:geometryView
20:51:14 Strange convex component272 in warehouse\models\warehouse.p3d:geometryView
20:51:14 Strange convex component273 in warehouse\models\warehouse.p3d:geometryView
20:51:14 Strange convex component274 in warehouse\models\warehouse.p3d:geometryView
20:51:14 Strange convex component275 in warehouse\models\warehouse.p3d:geometryView
20:51:14 Strange convex component276 in warehouse\models\warehouse.p3d:geometryView
20:51:14 Strange convex component277 in warehouse\models\warehouse.p3d:geometryView
20:51:14 Strange convex component278 in warehouse\models\warehouse.p3d:geometryView
20:51:19 Warning: looped for animation: ca\anims\characters\data\anim\sdr\mov\erc\wlk\non\non\amovpercmwlksnonwnondf.rtm differs (looped now 0)! MoveName: amovpercmstpsnonwnondnon_amovpercmstpsraswpstdnon
20:51:19 "DayZ Epoch: PRELOAD Functions\init [[<No group>:0 (FunctionsManager)],any]"
20:51:19 "DayZ Epoch: MPframework inited"
20:51:20 "infiSTAR.de - Waiting for BIS_fnc_init..."
20:51:22 Strange convex component93 in zero_buildings\models\mil_house_i.p3d:geometryView
20:51:22 Strange convex component94 in zero_buildings\models\mil_house_i.p3d:geometryView
20:51:22 Strange convex component95 in zero_buildings\models\mil_house_i.p3d:geometryView
20:51:22 Strange convex component96 in zero_buildings\models\mil_house_i.p3d:geometryView
20:51:22 Strange convex component99 in zero_buildings\models\mil_house_i.p3d:geometryView
20:51:22 Strange convex component100 in zero_buildings\models\mil_house_i.p3d:geometryView
20:51:22 Strange convex component101 in zero_buildings\models\mil_house_i.p3d:geometryView
20:51:22 Strange convex component102 in zero_buildings\models\mil_house_i.p3d:geometryView
20:51:22 Strange convex component103 in zero_buildings\models\mil_house_i.p3d:geometryView
20:51:22 Strange convex component104 in zero_buildings\models\mil_house_i.p3d:geometryView
20:51:22 Strange convex component105 in zero_buildings\models\mil_house_i.p3d:geometryView
20:51:22 Strange convex component106 in zero_buildings\models\mil_house_i.p3d:geometryView
20:51:22 Strange convex component107 in zero_buildings\models\mil_house_i.p3d:geometryView
20:51:22 Strange convex component108 in zero_buildings\models\mil_house_i.p3d:geometryView
20:51:22 Strange convex component109 in zero_buildings\models\mil_house_i.p3d:geometryView
20:51:22 Strange convex component110 in zero_buildings\models\mil_house_i.p3d:geometryView
20:51:22 Strange convex component111 in zero_buildings\models\mil_house_i.p3d:geometryView
20:51:22 Strange convex component112 in zero_buildings\models\mil_house_i.p3d:geometryView
20:51:22 Strange convex component113 in zero_buildings\models\mil_house_i.p3d:geometryView
20:51:22 Strange convex component114 in zero_buildings\models\mil_house_i.p3d:geometryView
20:51:22 Strange convex component115 in zero_buildings\models\mil_house_i.p3d:geometryView
20:51:22 Strange convex component116 in zero_buildings\models\mil_house_i.p3d:geometryView
20:51:22 Strange convex component117 in zero_buildings\models\mil_house_i.p3d:geometryView
20:51:22 Strange convex component118 in zero_buildings\models\mil_house_i.p3d:geometryView
20:51:22 Strange convex component119 in zero_buildings\models\mil_house_i.p3d:geometryView
20:51:22 Strange convex component120 in zero_buildings\models\mil_house_i.p3d:geometryView
20:51:22 Strange convex component121 in zero_buildings\models\mil_house_i.p3d:geometryView
20:51:22 Strange convex component122 in zero_buildings\models\mil_house_i.p3d:geometryView
20:51:22 Strange convex component123 in zero_buildings\models\mil_house_i.p3d:geometryView
20:51:22 Strange convex component124 in zero_buildings\models\mil_house_i.p3d:geometryView
20:51:22 Strange convex component125 in zero_buildings\models\mil_house_i.p3d:geometryView
20:51:22 Strange convex component126 in zero_buildings\models\mil_house_i.p3d:geometryView
20:51:22 Strange convex component127 in zero_buildings\models\mil_house_i.p3d:geometryView
20:51:22 Strange convex component128 in zero_buildings\models\mil_house_i.p3d:geometryView
20:51:22 Strange convex component129 in zero_buildings\models\mil_house_i.p3d:geometryView
20:51:22 Strange convex component130 in zero_buildings\models\mil_house_i.p3d:geometryView
20:51:22 Strange convex component131 in zero_buildings\models\mil_house_i.p3d:geometryView
20:51:22 Strange convex component132 in zero_buildings\models\mil_house_i.p3d:geometryView
20:51:22 Strange convex component133 in zero_buildings\models\mil_house_i.p3d:geometryView
20:51:22 Strange convex component134 in zero_buildings\models\mil_house_i.p3d:geometryView
20:51:39 "infiSTAR.de - BIS_fnc_init done - AntiHack STARTING...!"
20:51:39 Warning Message: Script low_admins.sqf not found
20:51:39 Warning Message: Script normal_admins.sqf not found
20:51:39 Warning Message: Script super_admins.sqf not found
20:51:39 Warning Message: Script blacklist.sqf not found
20:51:39 "infiSTAR.de - iproductVersion: 04012015IAHAT341B | Server productVersion: ["ArmA 2 OA","ArmA2OA",163,125548] | worldName: Chernarus | dayz_instance: 11 | missionName: DayZ_Epoch_11"
20:51:39 "infiSTAR.de - _fnc_RandomGen: {
_arr = ["a","b","c","d","e","f","g","h","i","j","k","l","m","n","o","p","q","r","s","t","u","v","w","x","y","z","1","2","3","4"];
_gen = "p";
for "_i" from 1 to 7 do {_gen = _gen + (_arr select (random ((count _arr)-1)));};
_num = str(round(random 999998));
_gen = _gen + '_' + _num;
_gen
}"
20:51:39 "infiSTAR.de - _randvar1: pgxbkwbb_492999"
20:51:39 "infiSTAR.de - _randvar2: pvipgsp1_588489"
20:51:39 "infiSTAR.de - _randvar3: ps3ydwmn_686048"
20:51:39 "infiSTAR.de - _randvar4: popgfrql_319106"
20:51:39 "infiSTAR.de - _randvar5: pmjw1pkk_189425"
20:51:39 "infiSTAR.de - _randvar6: phzukbev_460071"
20:51:39 "infiSTAR.de - _randvar8: pkpmnnkz_423385"
20:51:39 "infiSTAR.de - _randvar9: ppuhhwxs_543947"
20:51:39 "infiSTAR.de - _randvar11: pthkqgjo_876547"
20:51:39 "infiSTAR.de - _randvar12: pioldwwu_859155"
20:51:39 "infiSTAR.de - _randvar13: p4n3frud_480888"
20:51:39 "infiSTAR.de - _randvar19: pxmbgdag_824977"
20:51:39 "infiSTAR.de - _randvar20: ph3hgkfu_986741"
20:51:39 "infiSTAR.de - _randvar21: pqndgvzc_366553"
20:51:39 "infiSTAR.de - _randvar27: poszndyh_337805"
20:51:39 "infiSTAR.de - _randvar26: pe2qrmis_289882"
20:51:39 "infiSTAR.de - _randvar25: pvyxkhrs_46131"
20:51:39 "infiSTAR.de - _randvar28: pbyi1piq_656823"
20:51:39 "infiSTAR.de - _randvar29: p3wncuqs_567132"
20:51:39 "infiSTAR.de - _randvar30: pshxkcfx_160096"
20:51:39 "infiSTAR.de - _randvar31: pz1jc2op_674585"
20:51:39 "infiSTAR.de - _randvar32: p3slanej_498277"
20:51:39 "infiSTAR.de - _randvar33: pxkblv4f_835620"
20:51:39 "infiSTAR.de - _randvar34: prhugjnc_750804"
20:51:39 "infiSTAR.de - _randvar35: psfdbde2_585730"
20:51:39 "infiSTAR.de - _randvar36: ptsz4p32_752975"
20:51:39 "infiSTAR.de - _remark: pry1lgsj_903765"
20:51:39 "infiSTAR.de - _AHpos: pquem4kk_470945"
20:51:39 "infiSTAR.de - _loadedcheckpos: pgonoggb_586938"
20:51:39 "infiSTAR.de - _loadedchecktime: pynb1prp_376728"
20:51:39 "infiSTAR.de - _MenuChecksRunningx: penkrbgy_625817"
20:51:39 "infiSTAR.de - _anotherrunnincheck: pge4vvk4_823200"
20:51:39 "infiSTAR.de - _oneachframe: pcorjmtk_579333"
20:51:39 "infiSTAR.de - _randvar10: PVAHR_0_hqiixgr_419097"
20:51:39 "infiSTAR.de - AntiHack LOADED!"
20:51:39 "infiSTAR.de - CREATING AdminMenu"
20:51:39 "infiSTAR.de - ADDING PublicVariableEventHandlers"
20:51:39 "infiSTAR.de - AntiHack FULLY LOADED"
20:51:40 "infiSTAR.de - Player-Log: grave(76561197986546735) - 5h 27min | ******ADMIN******"
20:51:40 "Res3tting B!S effects..."
20:51:40 Warning: z\addons\dayz_communityassets\models\compass.p3d:0 Error while trying to generate ST for points: 863, 853, 852
20:51:42 Error in expression <", "_Donator", "_ProDonor"];

_Admin = [UEP_Admin_1,UEP_Admin_2,UEP_Admin_3,UEP_>
20:51:42   Error position: <UEP_Admin_1,UEP_Admin_2,UEP_Admin_3,UEP_>
20:51:42   Error Undefined variable in expression: uep_admin_1
20:51:42 File mpmissions\DayZ_Epoch_11.Chernarus\custom\loadout.sqf, line 3
20:51:42 "[AGN] Starting Trader City Safezone Commander!"
20:51:42 "HIVE: Starting"
20:51:42 "HIVE: trying to get objects"
20:51:42 "HIVE: found 306 objects"
20:51:42 "HIVE: Commence Object Streaming..."
20:51:43 "HIVE: got 0 Epoch Objects and 306 Vehicles"
20:51:43 AH6X_DZ: FLIR_turret - unknown animation source FLIR_turret
20:51:43 AH6X_DZ: FLIR_gun - unknown animation source FLIR_gun
20:51:43 UH1Y_DZE: ObsTurret - unknown animation source ObsTurret
20:51:43 UH1Y_DZE: ObsGun - unknown animation source ObsGun
20:51:47 "HIVE: Vehicle Spawn limit reached!"
20:51:47 "HIVE: Spawning # of Debris: 500"
20:51:47 "HIVE: Spawning # of Ammo Boxes: 3"
20:51:47 "HIVE: Spawning # of Veins: 50"
20:51:47 "Total Number of spawn locations 5"
20:52:00 "infiSTAR.de PlayerConnected: ["76561197986546735","grave"]"
20:52:00 "infiSTAR.de PlayerConnected: ["","__SERVER__"]"
20:52:01 "EPOCH EVENTS INIT"
20:52:05 "DEBUG VEIN: Too many objects at [4157.27,11785.7]"
20:52:06 "DEBUG VEIN: Too many objects at [6573.96,8619.3]"
20:52:06 "DEBUG VEIN: Too many objects at [6994.13,10327.3]"
20:52:06 "DEBUG VEIN: Too many objects at [4190.99,11759.4]"
20:52:08 "WAI: AI Config File Loaded"
20:52:09 Server: Object 3:6 not found (message 70)
20:52:09 "TIME SYNC: Local Time set to [2013,8,3,13,52]"
20:52:11 Warning: looped for animation: ca\anims\characters\data\anim\sdr\mov\erc\wlk\non\non\amovpercmwlksnonwnondf.rtm differs (looped now 1)! MoveName: amovpercmrunsnonwbindf_rfl
20:52:11 "infiSTAR.de fnc_AdminFirstReq: [1234,B 1-1-B:1 (grave) REMOTE,"76561197986546735"]"
20:52:11 "infiSTAR.de ******ADMIN-LOGIN******: grave(76561197986546735)"
20:52:11 "infiSTAR.de fnc_AdminReqProceed: [1234,B 1-1-B:1 (grave) REMOTE,"76561197986546735"]"
20:52:12 "WAI: Initialising missions"
20:52:12 "WAI: AI Monitor Started"
20:55:21 "CLEANUP: INITIALIZING CLEANUP SCRIPT"
20:55:47 Cannot load sound 'ca\sound\air\noises\heli_door_01.wss'
20:55:47 Cannot load sound 'ca\sound\air\noises\heli_door_01.wss'
20:56:55 Server: Object 3:56 not found (message 91)
20:56:55 Server: Object 3:55 not found (message 99)
20:56:55 Server: Object 3:58 not found (message 91)
20:56:55 Server: Object 3:57 not found (message 99)
20:56:55 Server: Object 3:60 not found (message 91)
20:56:55 Server: Object 3:59 not found (message 99)
20:56:55 Server: Object 3:61 not found (message 99)
20:56:55 Server: Object 3:62 not found (message 91)
20:56:55 Server: Object 3:64 not found (message 91)
20:56:55 Server: Object 3:63 not found (message 99)
20:56:55 Server: Object 3:68 not found (message 91)
20:56:55 Server: Object 3:67 not found (message 99)
20:57:10 Server: Object 3:73 not found (message 70)
20:57:10 Server: Object 3:74 not found (message 69)
20:57:10 "infiSTAR.de Log: Vehicle destroyed with ["vil_M110","vil_M110","Single","20Rnd_762x51_DMR",20] @060075 by grave (76561197986546735) - CH53_DZE, worldspace [319.073,[6093.82,7788.79,14.2448]], CharId 5830, objID 307, objUID 0, nearby []"
20:57:10 Client: Object 3:74 (type Type_70) not found.
20:57:17 "infiSTAR.de Log: Vehicle destroyed with <null> @060075 by grave (76561197986546735) - CH53_DZE, worldspace [136.693,[6088.8,7782.75,-133.528]], CharId 5830, objID 307, objUID 0, nearby []"
20:57:20 "infiSTAR.de PVAH_WriteLog: B 1-1-B:1 (grave) REMOTE   grave G_o_d ON"
20:57:40 Cannot load sound 'ca\sound\air\noises\heli_door_01.wss'
20:57:40 Cannot load sound 'ca\sound\air\noises\heli_door_01.wss'
20:58:00 "infiSTAR.de fnc_AdminFirstReq: [23,B 1-1-B:1 (grave) REMOTE]"
20:58:00 "infiSTAR.de fnc_AdminReqProceed: [23,B 1-1-B:1 (grave) REMOTE]"
20:58:47 "PKILL: grave killed himself"
20:58:47 "PDEATH: Player Died 76561197986546735"
20:58:58 "infiSTAR.de PlayerDisconnected: _uid: 76561197986546735   _name: grave"
20:58:58 "get: STRING (76561197986546735), sent: STRING (76561197986546735)"
20:58:58 "DISCONNECT: grave (76561197986546735) Object: B 1-1-B:1 (grave) REMOTE, _characterID: 2 at loc [-7239.67,19539.3,0.245789]"
20:58:58 "ERROR: server_playerSync: Cannot Sync Player grave [2]. Position in debug! [-7239.67,19539.3,0.245789]"
20:59:05 "infiSTAR.de PlayerConnected: ["76561197986546735","grave"]"
20:59:09 Server: Object 3:88 not found (message 91)
20:59:09 "infiSTAR.de fnc_AdminFirstReq: [1234,B 1-1-B:1 (grave) REMOTE,"76561197986546735"]"
20:59:09 "infiSTAR.de ******ADMIN-LOGIN******: grave(76561197986546735)"
20:59:09 "infiSTAR.de fnc_AdminReqProceed: [1234,B 1-1-B:1 (grave) REMOTE,"76561197986546735"]"
20:59:48 "infiSTAR.de PVAH_WriteLog: B 1-1-B:1 (grave) REMOTE   grave G_o_d ON"
21:00:05 "RUNNING EVENT: crash_spawner on [2015,3,14,14,0]"
21:00:22 "TIME SYNC: Local Time set to [2013,8,3,14,0]"
21:00:33 "Skipping Null Object: <NULL-object>"
21:00:34 "WAI: [Mission:[Bandit] Black Hawk Crash]: Starting... [5423.23,9122.62,0]"
21:00:35 "WAI: Spawned a group of 3 AI (Hero) at [5423.23,9122.62,0]"
21:00:35 "WAI: Spawned a group of 3 AI (Hero) at [5423.23,9122.62,0]"
21:00:35 "WAI: Spawned a group of 3 AI (Hero) at [5423.23,9122.62,0]"
21:00:35 "WAI: Spawned in 2 M2StaticMG"
21:02:54 Warning: z\addons\dayz_communityassets\models\razor.p3d:0 Error while trying to generate ST for points: 214, 349, 208
21:03:44 Server: Object 3:201 not found (message 91)
21:03:44 Server: Object 3:200 not found (message 99)
21:03:44 Server: Object 3:203 not found (message 91)
21:03:44 Server: Object 3:202 not found (message 99)
21:03:46 "infiSTAR.de fnc_AdminFirstReq: [-2,B 1-1-B:1 (grave) REMOTE,31e96080# 1056568: civcarbl.p3d]"
21:03:46 "infiSTAR.de fnc_AdminReqProceed: [-2,B 1-1-B:1 (grave) REMOTE,31e96080# 1056568: civcarbl.p3d]"
21:03:46 "DELETE: 76561197986546735 Deleted by ID: 305"
21:03:46 "infiSTAR.de PVAH_WriteLog: B 1-1-B:1 (grave) REMOTE   grave (76561197986546735) deleted civcarbl @060075 - characterID any - objectID: 305 - objectUID: 0"
21:03:52 "infiSTAR.de fnc_AdminFirstReq: [-2,B 1-1-B:1 (grave) REMOTE,31e94100# 1056569: gaz39371_vodnik_medevac.p3d]"
21:03:52 "infiSTAR.de fnc_AdminReqProceed: [-2,B 1-1-B:1 (grave) REMOTE,31e94100# 1056569: gaz39371_vodnik_medevac.p3d]"
21:03:52 "DELETE: 76561197986546735 Deleted by ID: 306"
21:03:52 "infiSTAR.de PVAH_WriteLog: B 1-1-B:1 (grave) REMOTE   grave (76561197986546735) deleted GAZ_Vodnik_MedEvac @060075 - characterID any - objectID: 306 - objectUID: 0"
21:04:15 "infiSTAR.de PVAH_WriteLog: B 1-1-B:1 (grave) REMOTE   grave adminammo_recoil ON"
21:05:14 "WAI: [Mission:[Hero] Bandit Base]: Starting... [9923.89,13149.8,0]"
21:05:14 "WAI: Spawned a group of 6 AI (Bandit) at [9923.89,13149.8,0]"
21:05:14 "WAI: Spawned a group of 4 AI (Bandit) at [9923.89,13149.8,0]"
21:05:14 "WAI: Spawned a group of 4 AI (Bandit) at [9923.89,13149.8,0]"
21:05:14 "WAI: Spawned a group of 4 AI (Bandit) at [9923.89,13149.8,0]"
21:05:14 "WAI: Spawned a group of 4 AI (Bandit) at [9923.89,13149.8,0]"
21:05:14 "WAI: Spawned in 1 M2StaticMG"
21:05:14 "WAI: Spawned in 1 M2StaticMG"
21:05:14 "WAI: Spawned in 1 M2StaticMG"
21:05:14 "WAI: Spawned in 1 M2StaticMG"
21:05:22 "TIME SYNC: Local Time set to [2013,8,3,14,5]"
21:05:53 "WAI: [Mission:[Bandit] Black Hawk Crash]: Ended at [5423.23,9122.62,0]"
21:10:22 "TIME SYNC: Local Time set to [2013,8,3,14,10]"
21:10:22 "CLEANUP: Deleted 2 Animals out of 3"
21:12:53 "WAI: [Mission:[Bandit] Lunch break Convoy]: Starting... [1245.39,5790.04,0]"
21:12:53 "WAI: Spawned a group of 6 AI (Hero) at [1245.39,5790.04,0]"
21:12:53 "WAI: Spawned a group of 5 AI (Hero) at [1245.39,5790.04,0]"
21:12:54 "WAI: Spawned a group of 5 AI (Hero) at [1245.39,5790.04,0]"
21:12:54 "WAI: Spawned a group of 5 AI (Hero) at [1245.39,5790.04,0]"
21:12:54 "WAI: Spawned in 3 M2StaticMG"
21:14:10 Error: Bone leftshoulder doesn't exist in some skeleton 
21:14:10 Error: Bone rightshoulder doesn't exist in some skeleton 
21:14:10 Error: Bone rightshoulder doesn't exist in some skeleton 
21:14:10 Error: Bone leftshoulder doesn't exist in some skeleton 
21:14:10 Error: Bone rightshoulder doesn't exist in some skeleton 
21:14:10 Error: Bone leftshoulder doesn't exist in some skeleton 
21:14:10 Error: Bone rightshoulder doesn't exist in some skeleton 
21:14:10 Error: Bone leftshoulder doesn't exist in some skeleton 
21:14:10 Error: Bone rightshoulder doesn't exist in some skeleton 
21:14:10 Error: Bone leftshoulder doesn't exist in some skeleton 
21:14:10 Error: Bone rightshoulder doesn't exist in some skeleton 
21:14:10 Error: Bone leftshoulder doesn't exist in some skeleton 
21:14:10 Error: Bone leftshoulder doesn't exist in some skeleton 
21:14:10 Error: Bone rightshoulder doesn't exist in some skeleton 
21:14:10 Error: Bone leftshoulder doesn't exist in some skeleton 
21:14:10 Error: Bone rightshoulder doesn't exist in some skeleton 
21:15:06 "RUNNING EVENT: supply_drop on [2015,3,14,14,15]"
21:15:22 "TIME SYNC: Local Time set to [2013,8,3,14,15]"
21:16:42 "infiSTAR.de PlayerDisconnected: _uid: 76561197986546735   _name: grave"
21:16:42 "get: STRING (76561197986546735), sent: STRING (76561197986546735)"
21:16:42 "DISCONNECT: grave (76561197986546735) Object: B 1-1-B:1 (grave) REMOTE, _characterID: 3 at loc [6242.6,7678.77,0.00143433]"
21:16:42 Client: Remote object 3:85 not found
21:16:42 Warning: Cleanup player - person 3:84 not found
21:16:47 Warning: Cleanup player - person 3:84 not found
